VIRTIO-CONSOLE-HELLO from coolcom UEFI probe (port 0, transmitq)
test write on queue 1: used len=0 (consumed) after 75 us, used.idx=1
coolcom UEFI probe (build Sep 29 2026 21:50:56)
config: wait=9 postwait=8 off=psci ecam=1; log file: \probe.log

== Firmware ==
UEFI spec revision : 2.7.0
firmware vendor    : EDK II
firmware revision  : 0x10000 (65536)
SystemTable=0x00000000afb60018 BootServices=0x00000000afbf2b60 RuntimeServices=0x00000000afb6ff18 ImageHandle=0x00000000af402f98
BS hdr rev 20046, RT hdr rev 20046
RTC GetTime        : 2026-09-29 12:50:57 tz=2047
loaded image       : base=0x00000000ae4ea000 size=0xa4000 codetype=LoaderCode datatype=LoaderData
  LoadOptionsSize=0 DeviceHandle=0x00000000af415f98 FilePath=0x00000000af3e9f98
  FilePath text: \EFI\BOOT\BOOTAA64.EFI

== CPU / system registers ==
CurrentEL          : EL1
MIDR_EL1           : 00000000610f0000 (impl 0x61 part 0x0 var 0 rev 0)
MPIDR_EL1          : 0000000080000000 (aff3=0 aff2=0 aff1=0 aff0=0, MT=0 U=0)
CNTFRQ_EL0         : 24000000 Hz
CNTVCT_EL0         : 11059505
ID_AA64PFR0_EL1    : 1101000031110011
   EL0=1 EL1=1 EL2=0 EL3=0 FP=1 AdvSIMD=1 GIC(sysreg)=1 RAS=3 SVE=0 MPAM=0
ID_AA64PFR1_EL1    : 0000000202000001
ID_AA64MMFR0_EL1   : 000010000f100021
   PARange=1 (36b/64GiB) ASIDBits=2 BigEnd=0 TGran4=0 TGran16=1 TGran64=15
ID_AA64MMFR1_EL1   : 0000100011312000
ID_AA64ISAR0_EL1   : 0221100110212120 (AES=2 SHA1=1 SHA2=2 CRC32=1 Atomic=2 RNDR=0)
ID_AA64DFR0_EL1    : 0000000010305006
SCTLR_EL1=000000003080118d (M=1 C=1 I=1 WXN=0)  TCR_EL1=000000018080351c  MAIR_EL1=00000000ffbb4400
TTBR0_EL1=00000000afffe000 TTBR1_EL1=0000000000000000 VBAR_EL1=00000000afa6c800
SP=00000000afbd86b0  DAIF=c
ICC_SRE_EL1        : 7 (SRE=1)

== UEFI memory map ==
descriptors=29 descsize=48 version=1 total=1392 bytes
  Conventional 0000000070000000-00000000a7ffffff  229376 pg  attr=8 WB
  BSData       00000000a8000000-00000000a801ffff      32 pg  attr=8 WB
  Conventional 00000000a8020000-00000000ae1e9fff   25034 pg  attr=8 WB
  LoaderData   00000000ae1ea000-00000000ae4e9fff     768 pg  attr=8 WB
  LoaderCode   00000000ae4ea000-00000000ae58dfff     164 pg  attr=8 WB
  BSCode       00000000ae58e000-00000000ae5fffff     114 pg  attr=8 WB
  Reserved     00000000ae600000-00000000ae63ffff      64 pg  attr=8 WB
  RTData       00000000ae640000-00000000ae68ffff      80 pg  attr=8000000000000008 WBRT
  Conventional 00000000ae690000-00000000aeba6fff    1303 pg  attr=8 WB
  BSData       00000000aeba7000-00000000af327fff    1921 pg  attr=8 WB
  Conventional 00000000af328000-00000000af3e8fff     193 pg  attr=8 WB
  BSData       00000000af3e9000-00000000af3e9fff       1 pg  attr=8 WB
  Conventional 00000000af3ea000-00000000af3f6fff      13 pg  attr=8 WB
  BSData       00000000af3f7000-00000000af88ffff    1177 pg  attr=8 WB
  BSCode       00000000af890000-00000000afa8ffff     512 pg  attr=8 WB
  RTCode       00000000afa90000-00000000afb1ffff     144 pg  attr=8000000000000008 WBRT
  Conventional 00000000afb20000-00000000afb4ffff      48 pg  attr=8 WB
  RTData       00000000afb50000-00000000afb6ffff      32 pg  attr=8000000000000008 WBRT
  Conventional 00000000afb70000-00000000afb9efff      47 pg  attr=8 WB
  ACPIReclaim  00000000afb9f000-00000000afb9ffff       1 pg  attr=8 WB
  Conventional 00000000afba0000-00000000afbb7fff      24 pg  attr=8 WB
  BSData       00000000afbb8000-00000000afbd8fff      33 pg  attr=8 WB
  BSCode       00000000afbd9000-00000000afbfefff      38 pg  attr=8 WB
  BSData       00000000afbff000-00000000affc5fff     967 pg  attr=8 WB
  Conventional 00000000affc6000-00000000affd5fff      16 pg  attr=8 WB
  BSCode       00000000affd6000-00000000afff5fff      32 pg  attr=8 WB
  BSData       00000000afff6000-00000000afffffff      10 pg  attr=8 WB
  MMIO         0000000001000000-000000000100ffff      16 pg  attr=8000000000000001 UCRT
  MMIO         0000000020050000-0000000020050fff       1 pg  attr=8000000000000001 UCRT
totals by type (MiB):
  Reserved     256 KiB
  LoaderCode   656 KiB
  LoaderData   3072 KiB
  BSCode       2784 KiB
  BSData       16564 KiB
  RTCode       576 KiB
  RTData       448 KiB
  Conventional 1024216 KiB
  ACPIReclaim  4 KiB
  MMIO         68 KiB
RAM-like span: 0000000070000000..00000000b0000000, RAM-like bytes=1023 MiB

== Graphics Output Protocol ==
MaxMode=37 current Mode=6
  mode 0 : 640x480 pps=640 fmt=BltOnly masks R00000000 G00000000 B00000000
  mode 1 : 800x480 pps=800 fmt=BltOnly masks R00000000 G00000000 B00000000
  mode 2 : 800x600 pps=800 fmt=BltOnly masks R00000000 G00000000 B00000000
  mode 3 : 832x624 pps=832 fmt=BltOnly masks R00000000 G00000000 B00000000
  mode 4 : 960x640 pps=960 fmt=BltOnly masks R00000000 G00000000 B00000000
  mode 5 : 1024x600 pps=1024 fmt=BltOnly masks R00000000 G00000000 B00000000
  mode 6*: 1024x768 pps=1024 fmt=BltOnly masks R00000000 G00000000 B00000000
  mode 7 : 1152x864 pps=1152 fmt=BltOnly masks R00000000 G00000000 B00000000
  mode 8 : 1152x870 pps=1152 fmt=BltOnly masks R00000000 G00000000 B00000000
  mode 9 : 1280x720 pps=1280 fmt=BltOnly masks R00000000 G00000000 B00000000
  mode 10 : 1280x760 pps=1280 fmt=BltOnly masks R00000000 G00000000 B00000000
  mode 11 : 1280x768 pps=1280 fmt=BltOnly masks R00000000 G00000000 B00000000
  mode 12 : 1280x800 pps=1280 fmt=BltOnly masks R00000000 G00000000 B00000000
  mode 13 : 1280x960 pps=1280 fmt=BltOnly masks R00000000 G00000000 B00000000
  mode 14 : 1280x1024 pps=1280 fmt=BltOnly masks R00000000 G00000000 B00000000
  mode 15 : 1360x768 pps=1360 fmt=BltOnly masks R00000000 G00000000 B00000000
  mode 16 : 1366x768 pps=1366 fmt=BltOnly masks R00000000 G00000000 B00000000
  mode 17 : 1400x1050 pps=1400 fmt=BltOnly masks R00000000 G00000000 B00000000
  mode 18 : 1440x900 pps=1440 fmt=BltOnly masks R00000000 G00000000 B00000000
  mode 19 : 1600x900 pps=1600 fmt=BltOnly masks R00000000 G00000000 B00000000
  mode 20 : 1600x1200 pps=1600 fmt=BltOnly masks R00000000 G00000000 B00000000
  mode 21 : 1680x1050 pps=1680 fmt=BltOnly masks R00000000 G00000000 B00000000
  mode 22 : 1920x1080 pps=1920 fmt=BltOnly masks R00000000 G00000000 B00000000
  mode 23 : 1920x1200 pps=1920 fmt=BltOnly masks R00000000 G00000000 B00000000
  mode 24 : 1920x1440 pps=1920 fmt=BltOnly masks R00000000 G00000000 B00000000
  mode 25 : 2000x2000 pps=2000 fmt=BltOnly masks R00000000 G00000000 B00000000
  mode 26 : 2048x1536 pps=2048 fmt=BltOnly masks R00000000 G00000000 B00000000
  mode 27 : 2048x2048 pps=2048 fmt=BltOnly masks R00000000 G00000000 B00000000
  mode 28 : 2560x1440 pps=2560 fmt=BltOnly masks R00000000 G00000000 B00000000
  mode 29 : 2560x1600 pps=2560 fmt=BltOnly masks R00000000 G00000000 B00000000
  mode 30 : 2560x2048 pps=2560 fmt=BltOnly masks R00000000 G00000000 B00000000
  mode 31 : 2800x2100 pps=2800 fmt=BltOnly masks R00000000 G00000000 B00000000
  mode 32 : 3200x2400 pps=3200 fmt=BltOnly masks R00000000 G00000000 B00000000
  mode 33 : 3840x2160 pps=3840 fmt=BltOnly masks R00000000 G00000000 B00000000
  mode 34 : 4096x2160 pps=4096 fmt=BltOnly masks R00000000 G00000000 B00000000
  mode 35 : 7680x4320 pps=7680 fmt=BltOnly masks R00000000 G00000000 B00000000
  mode 36 : 8192x4320 pps=8192 fmt=BltOnly masks R00000000 G00000000 B00000000
framebuffer base=0 size=0x0 (0 KiB) stride=1024 px (4096 bytes) 1024x768 fmt=BltOnly
=> GOP is BltOnly / FrameBufferBase=0: NO linear framebuffer.  Probe uses a RAM shadow buffer at ae1ea000 (3072 KiB) presented with GOP->Blt()
framebuffer base not covered by the UEFI memory map
ConOut: MaxMode=4 Mode=3
  text mode 0: 80x25
  text mode 2: 100x31
  text mode 3: 128x40

== Configuration tables ==
NumberOfTableEntries=8
  [0] 05ad34ba-6f02-4214-952e-4da0398e2bb9 0x00000000afbf2cd8  DXE services
  [1] 7739f24c-93d7-11d4-9a3a-0090273fc14d 0x00000000af88d018  HOB list
  [2] 4c19049f-4137-4dd3-9c10-8b97a83ffdfa 0x00000000afbf2ef0  MemoryTypeInformation
  [3] 49152e77-1ada-4764-b7a2-7afefed95e8b 0x00000000afbf34e8  (unknown)
  [4] 8868e871-e4f1-11d3-bc22-0080c73c8881 0x00000000afb9f018  ACPI 2.0 RSDP
  [5] eb9d2d31-2d88-11d3-9a16-0090273fc14d 0x00000000ae630000  SMBIOS
  [6] f2fd1544-9794-4a2c-992e-e5bbcf20e394 0x00000000ae610000  SMBIOS3
  [7] d719b2cb-3d3a-4596-a3bc-dad00e67656f 0x00000000afb6e618  (unknown)
SMBIOS2 entry: structs@ae620000 len=864
  SMBIOS type1 System: manufacturer='Apple Inc.' product='Apple Virtualization Generic Platform' version='1'
  SMBIOS type0 BIOS: vendor='Apple Inc.' version='2164.0.0.0.0' date='08/08/2026'
  SMBIOS type4 (processor) count: 1
SMBIOS3 entry: anchor '_SM3_' ver 3.3 structs@ae600000 maxsize=864
  SMBIOS type1 System: manufacturer='Apple Inc.' product='Apple Virtualization Generic Platform' version='1'
  SMBIOS type0 BIOS: vendor='Apple Inc.' version='2164.0.0.0.0' date='08/08/2026'
  SMBIOS type4 (processor) count: 1

== ACPI ==
RSDP at 0x00000000afb9f018 sig 'RSD ' rev 2 oem 'APPLE ' rsdt=0 xsdt=afb9ff18
XSDT at 0x00000000afb9ff18 len 68 oem 'APPLE ' -> 4 tables
  [0] 0x00000000afb9fb18 'FACP' len 276 rev 6 oem 'APPLE ' oemtid 'Apple Vz'
  [1] 0x00000000afb9fc98 'GTDT' len 104 rev 3 oem 'APPLE ' oemtid 'Apple Vz'
  [2] 0x00000000afb9fd98 'APIC' len 268 rev 5 oem 'APPLE ' oemtid 'Apple Vz'
  [3] 0x00000000afb9f098 'MCFG' len 60 rev 1 oem 'APPLE ' oemtid 'Apple Vz'
  FADT: rev 6.3 len 276 flags=300000 (HW_REDUCED=1)
    ARM boot arch flags=3 (PSCI_COMPLIANT=1, PSCI_USE_HVC=1)
    hypervisor vendor id=7a5620656c707041
  DSDT at 0x00000000afb9f118 'DSDT' len 858
  AML devices/_HID in DSDT:
    Device(PCI0)
      _HID eisa/dword 0x80ad041
    Device(RES0)
      _HID eisa/dword 0x20cd041
    Device(CP00)
      _HID "ACPI0007"
    Device(CP01)
      _HID "ACPI0007"
    Device(PWRB)
      _HID "PNP0C0C"
    Device(GPIO)
      _HID "ARMH0061"
  DSDT raw (858 bytes):
   0000: 44 53 44 54 5a 03 00 00 02 fc 41 50 50 4c 45 20 41 70 70 6c 65 20 56 7a 01 00 00 00 41 41 50 4c
   0020: 27 04 18 20 10 47 26 5f 53 42 5f 5b 82 4f 25 50 43 49 30 08 5f 48 49 44 0c 41 d0 0a 08 08 5f 43
   0040: 49 44 0c 41 d0 0a 03 08 5f 41 44 52 00 08 5f 55 49 44 00 08 5f 42 42 4e 00 08 5f 43 43 41 01 5b
   0060: 82 26 52 45 53 30 08 5f 48 49 44 0c 41 d0 0c 02 08 5f 43 52 53 11 11 0a 0e 86 09 00 01 00 00 00
   0080: 40 00 00 00 10 79 00 08 5f 43 52 53 11 48 07 0a 74 88 0d 00 02 0c 00 00 00 00 00 ff 00 00 00 00
   00a0: 01 87 17 00 00 0c 01 00 00 00 00 00 00 00 50 ff ff fd 6f 00 00 00 00 00 00 fe 1f 8a 2b 00 00 0c
   00c0: 01 00 00 00 00 00 00 00 00 00 00 00 00 01 00 00 00 ff ff ff ff 04 00 00 00 00 00 00 00 00 00 00
   00e0: 00 00 00 00 00 04 00 00 00 87 17 00 01 0c 03 00 00 00 00 00 00 00 00 ff ff 00 00 00 00 ff 6f 00
   0100: 00 01 00 79 00 08 5f 50 52 54 12 41 18 20 12 09 04 0b ff ff 00 00 0a 40 12 0b 04 0c ff ff 01 00
   0120: 00 00 0a 41 12 0b 04 0c ff ff 02 00 00 00 0a 42 12 0b 04 0c ff ff 03 00 00 00 0a 43 12 0b 04 0c
   0140: ff ff 04 00 00 00 0a 44 12 0b 04 0c ff ff 05 00 00 00 0a 45 12 0b 04 0c ff ff 06 00 00 00 0a 46
   0160: 12 0b 04 0c ff ff 07 00 00 00 0a 47 12 0b 04 0c ff ff 08 00 00 00 0a 48 12 0b 04 0c ff ff 09 00
   0180: 00 00 0a 49 12 0b 04 0c ff ff 0a 00 00 00 0a 4a 12 0b 04 0c ff ff 0b 00 00 00 0a 4b 12 0b 04 0c
   01a0: ff ff 0c 00 00 00 0a 4c 12 0b 04 0c ff ff 0d 00 00 00 0a 4d 12 0b 04 0c ff ff 0e 00 00 00 0a 4e
   01c0: 12 0b 04 0c ff ff 0f 00 00 00 0a 4f 12 0b 04 0c ff ff 10 00 00 00 0a 50 12 0b 04 0c ff ff 11 00
   01e0: 00 00 0a 51 12 0b 04 0c ff ff 12 00 00 00 0a 52 12 0b 04 0c ff ff 13 00 00 00 0a 53 12 0b 04 0c
   0200: ff ff 14 00 00 00 0a 54 12 0b 04 0c ff ff 15 00 00 00 0a 55 12 0b 04 0c ff ff 16 00 00 00 0a 56
   0220: 12 0b 04 0c ff ff 17 00 00 00 0a 57 12 0b 04 0c ff ff 18 00 00 00 0a 58 12 0b 04 0c ff ff 19 00
   0240: 00 00 0a 59 12 0b 04 0c ff ff 1a 00 00 00 0a 5a 12 0b 04 0c ff ff 1b 00 00 00 0a 5b 12 0b 04 0c
   0260: ff ff 1c 00 00 00 0a 5c 12 0b 04 0c ff ff 1d 00 00 00 0a 5d 12 0b 04 0c ff ff 1e 00 00 00 0a 5e
   0280: 12 0b 04 0c ff ff 1f 00 00 00 0a 5f 10 4d 0c 5f 50 52 5f 5b 82 1a 43 50 30 30 08 5f 48 49 44 0d
   02a0: 41 43 50 49 30 30 30 37 00 08 5f 55 49 44 00 5b 82 1a 43 50 30 31 08 5f 48 49 44 0d 41 43 50 49
   02c0: 30 30 30 37 00 08 5f 55 49 44 01 5b 82 19 50 57 52 42 08 5f 48 49 44 0d 50 4e 50 30 43 30 43 00
   02e0: 08 5f 55 49 44 00 5b 82 42 07 47 50 49 4f 08 5f 48 49 44 0d 41 52 4d 48 30 30 36 31 00 08 5f 55
   0300: 49 44 00 08 5f 43 52 53 11 1a 0a 17 86 09 00 01 00 00 06 20 00 10 00 00 89 06 00 01 01 25 00 00
   0320: 00 79 00 08 5f 41 45 49 11 23 0a 20 8c 1b 00 01 00 01 00 01 00 01 00 00 00 00 17 00 00 19 00 05
   0340: 00 00 00 06 00 47 50 49 4f 00 79 00 14 0d 5f 45 30 36 00 86 50 57 52 42 0a 80
  GTDT: rev 3 cnt control base=ffffffffffffffff
    secure EL1 timer     GSIV=0 flags=0
    non-secure EL1 timer GSIV=30 flags=0 (physical, PPI)
    virtual EL1 timer    GSIV=27 flags=0
    non-secure EL2 timer GSIV=26 flags=0
    platform timer count=0 offset=0
  MADT: rev 5, local int ctrl addr=0 flags=0
    GICC cpuif=0 uid=0 flags=1 parking=0 perfGSIV=23 parked=0 gicc_base=0 gicv=0 gich=0 vgicmaint=0 gicr=0 mpidr=0 eff=0
    GICC cpuif=0 uid=1 flags=1 parking=0 perfGSIV=23 parked=0 gicc_base=0 gicv=0 gich=0 vgicmaint=0 gicr=0 mpidr=1 eff=0
    GICD id=0 base=10000000 vecbase=0 GIC VERSION=3
    GIC MSI frame id=0 base=1fff0000 flags=0 spicount=128 spibase=128
    GICR discovery range base=10010000 length=40000
    => 2 GICC entries
  MCFG: ECAM base=40000000 segment=0 buses 0..255

(no Device Tree configuration table)

== Handle / protocol census ==
96 handles
  handle 0x00000000af888d18: 220e73b6-6bdb-4413-8405-b974b108619a DevicePath 8f644fa9-e850-4db1-9ce2-0b44698e8da4
      path: MemoryMapped(0xB,0x1000,0xFFFFF)
  handle 0x00000000af888998: 220e73b6-6bdb-4413-8405-b974b108619a DevicePath 8f644fa9-e850-4db1-9ce2-0b44698e8da4
      path: MemoryMapped(0xB,0xAFBFF010,0xAFFC500F)
  handle 0x00000000af491998: AcpiTable
  handle 0x00000000af484d98: PciRootBridgeIO DevicePath
      path: PciRoot(0x0)
  handle 0x00000000af474618: AbsolutePointer SimplePointer SimpleTextInputEx SimpleTextInput
  handle 0x00000000af473918: GraphicsOutput SimpleTextOutput
  handle 0x00000000af473698: SimpleTextOutput
  handle 0x00000000af45df98: PciIO DevicePath
      path: PciRoot(0x0)/Pci(0x0,0x0)
  handle 0x00000000af458718: fa920010-6785-4941-b6ec-498c579f160a PciIO DevicePath
      path: PciRoot(0x0)/Pci(0x5,0x0)
  handle 0x00000000af45e898: DiskIO BlockIO fa920010-6785-4941-b6ec-498c579f160a PciIO DevicePath
      path: PciRoot(0x0)/Pci(0x6,0x0)
  handle 0x00000000af458598: d6099b94-cd97-4cc5-8714-7f6312701a8a fa920010-6785-4941-b6ec-498c579f160a PciIO DevicePath
      path: PciRoot(0x0)/Pci(0x7,0x0)
  handle 0x00000000af45da18: 240612b7-a063-11d4-9a3a-0090273fc14d Usb2HostController PciIO DevicePath
      path: PciRoot(0x0)/Pci(0x8,0x0)
  handle 0x00000000af45ca18: d3b36f2d-d551-11d4-9a46-0090273fc14d d3b36f2c-d551-11d4-9a46-0090273fc14d SimpleTextOutput GraphicsOutput DevicePath
      path: PciRoot(0x0)/Pci(0x7,0x0)/AcpiAdr(0x80010300)
  handle 0x00000000af428e18: d3b36f2b-d551-11d4-9a46-0090273fc14d SimpleTextInputEx SimpleTextInput UsbIO DevicePath
      path: PciRoot(0x0)/Pci(0x8,0x0)/USB(0x8,0x0)
  handle 0x00000000af422e98: UsbIO DevicePath
      path: PciRoot(0x0)/Pci(0x8,0x0)/USB(0x9,0x0)
  handle 0x00000000af415f98: SimpleFileSystem DiskIO c12a7328-f81f-11d2-ba4b-00a0c93ec93b PartitionInfo BlockIO DevicePath
      path: PciRoot(0x0)/Pci(0x6,0x0)/HD(1,GPT,2EAB7C41-DB17-4257-8E4B-C7CF076C4BB1,0x800,0x1F7DF)
protocol totals (known GUIDs; unknown ones are firmware-internal and summed):
   49 x LoadedImage
   12 x DevicePath
   48 x LoadedImageDevicePath
    1 x DevicePathFromText
    1 x DevicePathToText
    1 x DevicePathUtilities
    1 x CpuArch
    1 x ResetArch
    1 x AcpiTable
    1 x PciEnumerationComplete
    1 x PciHostBridgeResAlloc
    1 x PciRootBridgeIO
    1 x TimerArch
    1 x RtcArch
   24 x ComponentName2
   23 x ComponentName
   26 x DriverBinding
    1 x AbsolutePointer
    1 x SimplePointer
    2 x SimpleTextInputEx
    2 x SimpleTextInput
    2 x GraphicsOutput
    3 x SimpleTextOutput
    1 x UnicodeCollation2
    5 x PciIO
    2 x DiskIO
    2 x BlockIO
    1 x Usb2HostController
    2 x UsbIO
    1 x SimpleFileSystem
    1 x PartitionInfo
  (+ 52 unknown GUIDs)

== Console / input devices ==
ConsoleInHandle=0x00000000af474618 ConsoleOutHandle=0x00000000af473918 StandardErrorHandle=0x00000000af473698
ConOut==StdErr protocol pointers: different
  ConIn handle has no DevicePath protocol
  ConOut handle has no DevicePath protocol
  StdErr handle has no DevicePath protocol
  SimpleTextInput      handles: 2
  SimpleTextInputEx    handles: 2
  SimpleTextOutput     handles: 3
  SimplePointer        handles: 1
  AbsolutePointer      handles: 1
  SerialIO             handles: 0
  GraphicsOutput       handles: 2
  EdidActive           handles: 0
  UsbIO                handles: 2
  Usb2HostController   handles: 1
  SimpleNetwork        handles: 0
  BlockIO              handles: 2
  SimpleFileSystem     handles: 1
  RNG                  handles: 0
  PciRootBridgeIO      handles: 1
  PciIO                handles: 5
ConIn->ReadKeyStroke (non-blocking) -> 8000000000000006 (NOT_READY, no key pending)

== PCI ==
PCI root bridges (PciRootBridgeIO): 1
  root bridge 0x00000000af484d98 segment=0
      window mem: min=50000000 max=500fffff len=100000 flags=00/00
      window mem: min=100000000 max=1000fffff len=100000 flags=00/00
      window bus: min=0 max=0 len=1 flags=00/00
PCI devices via PciIO protocol: 5
  00:00.0 [106b:1a05] class 060000 (host bridge) rev 00 cmd=0010 status=0000 hdr=00 subsys=0000:0000
      interrupt line=255 pin=0 (0=none,1=INTA..)
      Apple vendor device
  00:05.0 [1af4:1043] class 078000 (comm other) rev 01 cmd=0016 status=0010 hdr=00 subsys=1af4:0043
      interrupt line=255 pin=1 (0=none,1=INTA..)
      VIRTIO modern device, type 3 (console)
      BAR0 mem64 0000000100020000  size=0x10000
      BAR2 mem32 0000000050002000
      cap@40 id=09 virtio-cap type=1(common) bar=0 offset=0 length=38
      cap@50 id=09 virtio-cap type=3(isr) bar=0 offset=1000 length=1
      cap@60 id=09 virtio-cap type=2(notify) bar=0 offset=4000 length=10 notify_off_mult=4
      cap@74 id=09 virtio-cap type=4(device) bar=0 offset=8000 length=c
      cap@84 id=11 MSI-X tblsize=5
  00:06.0 [1af4:1042] class 018000 (storage) rev 01 cmd=0016 status=0010 hdr=00 subsys=1af4:0042
      interrupt line=255 pin=1 (0=none,1=INTA..)
      VIRTIO modern device, type 2 (blk)
      BAR0 mem64 0000000100010000  size=0x10000
      BAR2 mem32 0000000050004000
      cap@40 id=09 virtio-cap type=1(common) bar=0 offset=0 length=38
      cap@50 id=09 virtio-cap type=3(isr) bar=0 offset=1000 length=1
      cap@60 id=09 virtio-cap type=2(notify) bar=0 offset=4000 length=4 notify_off_mult=4
      cap@74 id=09 virtio-cap type=4(device) bar=0 offset=8000 length=3c
      cap@84 id=11 MSI-X tblsize=2
  00:07.0 [1af4:1050] class 038000 (display) rev 01 cmd=0016 status=0010 hdr=00 subsys=1af4:0050
      interrupt line=255 pin=1 (0=none,1=INTA..)
      VIRTIO modern device, type 16 (gpu)
      BAR0 mem64 0000000100000000  size=0x10000
      BAR2 mem32 0000000050003000
      cap@40 id=09 virtio-cap type=1(common) bar=0 offset=0 length=38
      cap@50 id=09 virtio-cap type=3(isr) bar=0 offset=1000 length=1
      cap@60 id=09 virtio-cap type=2(notify) bar=0 offset=4000 length=8 notify_off_mult=4
      cap@74 id=09 virtio-cap type=4(device) bar=0 offset=8000 length=10
      cap@84 id=11 MSI-X tblsize=3
  00:08.0 [106b:1a06] class 0c0330 (USB) rev 00 cmd=0017 status=0010 hdr=00 subsys=0000:0000
      interrupt line=255 pin=1 (0=none,1=INTA..)
      xHCI peek BAR0 @50001000: 01100020 10002010 0000000f 00000000 (CAPLENGTH=20 HCIVERSION=110)
      xHCI peek BAR1 @50000000: 00000000 00000000 00000000 00000001 (CAPLENGTH=0 HCIVERSION=0)
      Apple vendor device
      BAR0 mem32 0000000050001000  size=0x1000
      BAR1 mem32 0000000050000000  size=0x400
      cap@40 id=11 MSI-X tblsize=32
      cap@4c id=05 MSI
ECAM 40000000 (buses 0..255): NOT in UEFI memory map

== virtio-console (host stdout path) ==
common=100020000 notify=100024000(mult 4) isr=100021000 devcfg=100028000
device features: lo=30000000 hi=00000005 (bit0=SIZE bit1=MULTIPORT bit2=EMERG_WRITE; hi bit0 = VERSION_1)
num_queues=4 FEATURES_OK=1 (we accept only VERSION_1: single-port mode)
test write on queue 1: used len=0 (consumed) after 75 us, used.idx=1
virtio-console: DRIVER_OK, log replayed to the host serial path (status=0f)

== EFI variables (names only) ==
  SetupMode  attr=0 size=1 guid=8be4df61-93ca-11d2-aa0d-00e098032b8c
  SignatureSupport  attr=0 size=96 guid=8be4df61-93ca-11d2-aa0d-00e098032b8c
  SecureBoot  attr=0 size=1 guid=8be4df61-93ca-11d2-aa0d-00e098032b8c
  certdbv  attr=0 size=4 guid=d9bee56e-75dc-49d9-b4d7-b534210f637a
  VendorKeys  attr=0 size=1 guid=8be4df61-93ca-11d2-aa0d-00e098032b8c
  FirmwareFeatures  attr=0 size=4 guid=4d1ede05-38c7-4a6a-9cc6-4bcca8b38c14
  FirmwareFeaturesMask  attr=0 size=4 guid=4d1ede05-38c7-4a6a-9cc6-4bcca8b38c14
  ExtendedFirmwareFeatures  attr=0 size=8 guid=4d1ede05-38c7-4a6a-9cc6-4bcca8b38c14
  ExtendedFirmwareFeaturesMask  attr=0 size=8 guid=4d1ede05-38c7-4a6a-9cc6-4bcca8b38c14
  OsIndicationsSupported  attr=0 size=8 guid=8be4df61-93ca-11d2-aa0d-00e098032b8c
  BootOptionSupport  attr=0 size=4 guid=8be4df61-93ca-11d2-aa0d-00e098032b8c
  LangCodes  attr=0 size=13 guid=8be4df61-93ca-11d2-aa0d-00e098032b8c
  PlatformLangCodes  attr=0 size=18 guid=8be4df61-93ca-11d2-aa0d-00e098032b8c
  PlatformRecovery0000  attr=0 size=110 guid=8be4df61-93ca-11d2-aa0d-00e098032b8c
  ConOutDev  attr=0 size=30 guid=8be4df61-93ca-11d2-aa0d-00e098032b8c
  ErrOutDev  attr=0 size=30 guid=8be4df61-93ca-11d2-aa0d-00e098032b8c
  ConInDev  attr=0 size=28 guid=8be4df61-93ca-11d2-aa0d-00e098032b8c
  BootCurrent  attr=0 size=2 guid=8be4df61-93ca-11d2-aa0d-00e098032b8c
  CustomMode  attr=0 size=1 guid=c076ec0c-7028-4399-a072-71ee5c448b9f
  certdb  attr=0 size=4 guid=d9bee56e-75dc-49d9-b4d7-b534210f637a
  VendorKeysNv  attr=0 size=1 guid=9073e4e0-60ec-4b6e-9903-4c223c260f3c
  MTC  attr=0 size=4 guid=eb704011-1402-11d3-8e77-00a0c969723b
  Timeout  attr=0 size=2 guid=8be4df61-93ca-11d2-aa0d-00e098032b8c
  PlatformLang  attr=0 size=3 guid=8be4df61-93ca-11d2-aa0d-00e098032b8c
  Lang  attr=0 size=4 guid=8be4df61-93ca-11d2-aa0d-00e098032b8c
  VarErrorFlag  attr=0 size=1 guid=04b37fe8-f6ae-480b-bdd5-37d98c5e89aa
  ConOut  attr=0 size=30 guid=8be4df61-93ca-11d2-aa0d-00e098032b8c
  ErrOut  attr=0 size=30 guid=8be4df61-93ca-11d2-aa0d-00e098032b8c
  ConIn  attr=0 size=15 guid=8be4df61-93ca-11d2-aa0d-00e098032b8c
  BootOrder  attr=0 size=2 guid=8be4df61-93ca-11d2-aa0d-00e098032b8c
  Boot0000  attr=0 size=78 guid=8be4df61-93ca-11d2-aa0d-00e098032b8c
  MemoryTypeInformation  attr=0 size=64 guid=4c19049f-4137-4dd3-9c10-8b97a83ffdfa
32 variable(s) listed

== PSCI probe (HVC conduit) ==
PSCI_VERSION -> 10001 (1.1)
  PSCI_FEATURES(CPU_ON(64)) -> 0
  PSCI_FEATURES(CPU_OFF) -> 0
  PSCI_FEATURES(CPU_SUSPEND(64)) -> ffffffffffffffff (NOT_SUPPORTED)
  PSCI_FEATURES(SYSTEM_OFF) -> 0
  PSCI_FEATURES(SYSTEM_RESET) -> 0
  PSCI_FEATURES(SYSTEM_RESET2(64)) -> ffffffffffffffff (NOT_SUPPORTED)
  PSCI_FEATURES(AFFINITY_INFO(64)) -> 0
  PSCI_FEATURES(MIGRATE_INFO_TYPE) -> 0
  PSCI_FEATURES(PSCI_FEATURES) -> 0
  AFFINITY_INFO(self) -> 0
  AFFINITY_INFO(mpidr=1) -> 1 (0 ON, 1 OFF, 2 ON_PENDING)

== Result ==
probe finished collecting; drawing summary page, then off=psci
wait finished, key=0
calling ExitBootServices
[post-EBS] ExitBootServices returned SUCCESS; virtio-console still works
[post-EBS] CurrentEL=EL1 SCTLR_EL1=3080118d TTBR0_EL1=afffe000 (firmware page tables still live)
virtio-gpu: device features lo=30000000 hi=00000005 (lo bit0=VIRGL bit1=EDID) FEATURES_OK=1 num_queues=2
virtio-gpu GET_DISPLAY_INFO -> resp 0x1101  scanout0: 1024x768+0+0 enabled=1  scanout1: 0x0+0+0 enabled=0  scanout2: 0x0+0+0 enabled=0  scanout3: 0x0+0+0 enabled=0
virtio-gpu RESOURCE_CREATE_2D 1024x768 -> 0x1100
virtio-gpu RESOURCE_ATTACH_BACKING @ae1ea000 -> 0x1100
virtio-gpu SET_SCANOUT 0 <- res 1 -> 0x1100
[post-EBS] page drawn via virtio-gpu
[post-EBS] calling PSCI SYSTEM_OFF via HVC
